exports[`ImageHeaderScrollView renders correctly by default 1`] = `
<View
  onLayout={[Function]}
  style={
    Object {
      "flex": 1,
    }
  }>
  <View
    style={
      Object {
        "height": 125,
        "left": 0,
        "overflow": "hidden",
        "position": "absolute",
        "right": 0,
        "top": 0,
        "transform": Array [
          Object {
            "scale": 1,
          },
        ],
      }
    }>
    <View
      style={
        Object {
          "backgroundColor": "black",
          "bottom": 0,
          "left": 0,
          "opacity": 0,
          "position": "absolute",
          "right": 0,
          "top": 0,
          "zIndex": 100,
        }
      } />
    <View
      style={
        Object {
          "bottom": 0,
          "left": 0,
          "position": "absolute",
          "right": 0,
          "top": 0,
          "zIndex": 101,
        }
      }>
      <View />
    </View>
    <View />
  </View>
  <View
    style={
      Object {
        "height": 125,
        "left": 0,
        "opacity": 1,
        "overflow": "hidden",
        "position": "absolute",
        "right": 0,
        "top": 0,
        "transform": Array [
          Object {
            "translateY": 0,
          },
        ],
      }
    }>
    <View />
  </View>
  <View
    style={
      Object {
        "flex": 1,
        "transform": Array [
          Object {
            "translateY": 0,
          },
        ],
      }
    }>
    <ScrollView
      onScroll={[Function]}
      scrollEventThrottle={16}
      style={
        Object {
          "flex": 1,
        }
      }>
      <View
        style={
          Object {
            "backgroundColor": "white",
            "transform": Array [
              Object {
                "translateY": 125,
              },
            ],
          }
        } />
    </ScrollView>
  </View>
</View>
`;
